00000000 A _text_start
00000131 A num_got_entries
a0200000 T _start
a0200400 t reset
a0200408 T __reset_vector
a0200410 t check_nmi
a0200428 t verify_isa
a0200440 t is_mips32
a020044c t init_vpe_resources
a020047c t init_sys_resources
a02004a4 t init_core_resources
a02004cc t all_done
a02004cc t init_done
a02004cc t notmtcapable
a02004d4 t othercores
a0200514 t waitcode_start
a0200520 t swwait
a0200538 t checklaunch
a0200580 t finish_initialisation
a0200580 t waitcode_end
a0200598 t init_gpr
a02005a4 t next_shadow_set
a0200634 t set_gpr_boot_values
a0200658 t check_mt_ase
a0200678 t has_mt_ase
a0200698 t no_mt_ase
a02006a8 t check_cps
a02006c4 t is_not_cps
a02006d4 t is_cps
a02006f8 t gcr_found
a0200714 t done_init_gpr
a020071c t init_cp0
a02007b0 t done_wr
a02007c8 t set_kseg0_cca
a02007d8 t check_for_tlb
a02007d8 t init_tlb
a0200808 t start_init_tlb
a0200820 t next_tlb_entry_pair
a0200840 t done_init_tlb
a0200848 t init_cpc
a0200870 t done_init_cpc
a0200878 t init_gic
a02008d4 t configure_slices
a0200a64 t init_vpe_gic
a0200a70 t map_timer_int
a0200a7c t map_perfcount_int
a0200a88 t done_gic
a0200a90 t init_mc
a0200abc t COPY_WAITCODE
a0200af4 t release_mp
a0200b04 t powerup_next_core
a0200b28 t release_next_core
a0200b40 t done_release_mp
a0200b48 t init_icache
a0200b88 t next_icache_tag
a0200b98 t done_icache
a0200ba0 t init_dcache
a0200be4 t next_dcache_tag
a0200bf4 t done_dcache
a0200bfc t init_cm
a0200cc8 t done_cm_init
a0200cd0 t init_itc
a0200cd4 t done_init_itc
a0200cdc t join_domain
a0200d04 t next_coherent_core
a0200d0c t busy_wait_coherent_core
a0200d20 t done_join_domain
a0200d28 t init_l23u
a0200d58 t init_l23c
a0200d74 t init_l23
a0200dc4 t done_l2cache
a0200e10 t done_l3cache
a0200e24 t done_l23
a0200e2c t init_vpe1
a0200e5c t nexttc
a0200f2c t nextvpe
a0200fb4 t donevpe
a0200fd8 t done_init_vpe1
a0200fe0 T relocate_code
a0201054 t in_ram
a02010d8 t romReserved
a02010dc t romExcHandle
a02010e0 T sbrk
a0201130 T board_init_f
a02013d0 T OperationSelect
a0201490 T tftp_config
a0201930 T trigger_hw_reset
a0201938 T hang
a0201968 T config_usb_mtk_xhci
a0201acc T disable_pcie
a0201ae8 T board_init_r
a0202b7c T timer_init
a0202b90 T get_timer
a0202b9c T udelay
a0202be8 T mdelay
a0202c48 t startAgainTimeout
a0202c64 t startAgainHandler
a0202c6c t NetCopyIP
a0202c84 T sc_NetLoop
a0202dec T NetSetHandler
a0202e04 T NetSetTimeout
a0202e68 T NetStartAgain
a0202f54 T NetSendPacket
a0202f6c T NetCksum
a0202fa4 T NetCksumOk
a0202fe0 T NetEthHdrSize
a0202fe8 T NetSetEther
a0203060 T NetReceive
a020360c T ArpRequest
a0203778 T ArpTimeoutCheck
a0203840 T NetSetIP
a02039a0 T NetSendUDPPacket
a0203b74 T copy_filename
a0203bc8 T ip_to_string
a0203c3c T string_to_ip
a0203cf8 T print_IPaddr
a0203d38 T getenv_IPaddr
a0203d74 T NetLoop
a020421c T TftpSend
a0204428 t TftpHandler
a0204790 t TftpTimeout
a0204820 T TftpStart
a0204ac0 T eth_parse_enetaddr
a0204b58 T eth_get_dev
a0204b70 T eth_register
a0204bc0 T eth_initialize
a0204e30 T eth_init
a0204ed4 T eth_halt
a0204f28 T eth_send
a0204f5c T eth_rx
a0204f8c T eth_try_another
a0204fc8 t rt2880_eth_recv
a0205198 t rt2880_eth_send
a02052dc t delete_char.part.0.constprop.2
a0205438 T START_ETH
a0205494 T STOP_ETH
a02054f8 T rt2880_eth_halt
a0205510 T rt2880_free_buf_entry_dequeue
a0205540 T rt2880_eth_initialize
a0205760 T IsSwitchVlanTableBusy
a02057f0 T LANWANPartition
a0205a20 T isDMABusy
a0205a78 t rt2880_eth_init
a0205d7c T setup_internal_gsw
a0206278 T init_rx_buf
a02062a0 T sc_rt2880_eth_recv
a0206410 T readline
a0206730 T input_value
a02067c0 T __mii_mgr_read
a020692c T __mii_mgr_write
a0206a94 T mii_mgr_read
a0206b68 T mii_mgr_write
a0206c1c T rt2880_mdio_access
a0207178 T dump_phy_reg
a0207344 t NFI_CLN_REG16
a0207360 t ECC_Config
a0207420 t mtk_nand_status_ready
a0207454 t mtk_nand_set_mode
a0207470 t mtk_nand_set_command
a02074b4 t mtk_nand_set_address
a020750c t mtk_nand_write_buf
a020759c t mtk_nand_write_page_hwecc
a020760c t mtk_nand_dev_ready
a0207620 t is_fact_bad
a0207670 t mtk_nand_reset
a0207794 t mtk_nand_stop_read
a0207818 t mtk_nand_select_chip
a02079d4 t mtk_nand_wait
a0207adc t generic_ffs.part.0
a0207b3c t mtk_nand_set_autoformat
a0207b80 t mtk_nand_ready_for_write.isra.2
a0207d84 t mtk_nand_ready_for_read.isra.3
a0207fb8 t mtk_nand_read_byte
a02080dc t mtk_nand_check_RW_count
a020814c T nand_enable_clock
a0208154 T nand_disable_clock
a020815c T dump_nfi
a020844c t mtk_nand_mcu_write_data.isra.7
a0208624 t mtk_nand_mcu_read_data
a02087f0 T dump_ecc
a0208be8 T NFI_DMA_status
a0208bf0 T NFI_DMA_address
a0208c00 T nand_virt_to_phys_add
a0208c08 T get_device_info
a0208d3c T mtk_nand_exec_read_page
a0209084 t mtk_nand_verify_buf
a0209198 t mtk_nand_read_page
a02092c0 t mtk_nand_read_page_hwecc
a0209348 t mtk_nand_read_buf
a02094f8 T mtk_nand_exec_write_page
a0209794 t mtk_nand_command_bp
a0209bbc t mtk_nand_write_page
a0209cd8 T mtk_nand_erase_hw
a0209d18 T mtk_nand_erase
a0209df4 T mtk_nand_read_oob_raw
a020a238 T mtk_nand_write_oob_raw
a020a420 T mtk_nand_write_oob
a020a614 T mtk_nand_block_markbad_hw
a020a698 T mtk_nand_block_markbad
a020a740 T mtk_nand_read_oob_hw
a020a8b8 T mtk_nand_read_oob
a020a9a8 T mtk_nand_block_bad_hw
a020aa50 t mtk_nand_block_bad
a020ab38 T read_fact_bbt
a020ac94 T write_fact_bbt
a020ad68 T load_fact_bbt
a020b100 T mtk_nand_probe
a020b92c T ranand_read
a020bbc4 T ranand_erase
a020bd94 T ranand_erase_raw
a020bf6c T ranand_write
a020c1a8 T ranand_erase_write
a020c520 T ralink_nand_command
a020d128 T get_nand_info
a020d18c T single_erase_cmd
a020d1e0 t multi_erase_cmd
a020d288 T nand_scan_ident
a020d778 T nand_scan_tail
a020d880 T nand_scan
a020d8d8 T nand_release_device
a020d910 T nand_get_device
a020d964 T run_command
a020de20 T main_loop
a020df2c T do_go
a020dff4 t __fswab32
a020e01c T print_image_hdr
a020e37c T do_bootm
a020e904 t bin_data_init
a020e934 t bin_data_char
a020e978 T send_pad
a020e9d4 T ktrans
a020ea04 T chk1
a020ea2c T s1_sendpacket
a020ea84 T send_ack
a020eb10 T send_nack
a020eb9c T k_data_init
a020ebc0 T k_data_save
a020ec10 T k_data_restore
a020ec60 T k_data_char
a020ecfc T handle_send_packet
a020ef38 T do_load_serial_bin
a020f568 T do_tftpb
a020f968 T cmd_get_data_size
a020f9f4 t mod_mem.part.0
a020fbf4 T do_mem_nm
a020fc58 T do_mem_mm
a020fcbc T do_mem_md
a020ff88 T do_mem_base
a020fff4 T do_mem_loop
a0210174 t envmatch
a0210234 T do_saveenv
a0210284 T do_printenv
a0210508 T _do_setenv
a0210ba4 T do_setenv
a0210c0c T setenv
a0210c5c T getenv
a0210d38 t do_sc_mem_map
a0210ef4 T do_version
a0210f30 T find_cmd
a0211034 T do_help
a02112b0 t console_setfile
a0211380 T serial_printf
a02113d8 T fgetc
a0211410 T ftstc
a0211448 T fputc
a0211484 T fputs
a02114bc T fprintf
a021151c T getc
a021154c T tstc
a021157c T putc
a02115b0 T puts
a02115e4 T printf
a021163c T vprintf
a0211688 T ctrlc
a0211710 T disable_ctrlc
a021172c T had_ctrlc
a0211744 T clear_ctrlc
a021175c T dbg
a021176c T console_assign
a0211888 T console_init_f
a0211898 T console_init_r
a02119f8 T device_register
a0211a38 T devices_init
a0211b34 T devices_done
a0211b70 T malloc_bin_reloc
a0211bb4 T malloc_trim
a0211ccc T free
a0211f28 T cfree
a0211f40 T malloc
a02125e8 T calloc
a02126fc T memalign
a021288c T pvalloc
a02128b0 T valloc
a02128cc T realloc
a0212ddc T malloc_usable_size
a0212e30 T mallopt
a0212eb8 T env_get_char_memory
a0212ef0 t env_get_char_init
a0212f20 T env_crc_update
a0212f6c T env_get_addr
a0212f9c T env_relocate
a0213088 t dummy
a0213090 T get_version
a0213098 T jumptable_init
a02132b0 T NewHandle
a0213350 T DisposeHandle
a02133ac T GetHandleSize
a02133b4 T SetHandleSize
a0213474 T ListCreate
a02134e0 T ListDispose
a02134f8 T ListInsertItems
a021370c T ListInsertItem
a0213724 T ListGetPtrToItem
a021375c T ListNumItems
a0213768 T env_get_char_spec
a0213778 T env_init
a0213798 T nand_env_init
a0213870 T saveenv
a02139e0 T env_relocate_spec
a0213a08 T sc_standalone
a0213bac T do_sc_timer
a0213be8 T do_sc_nand
a0213c24 T do_sc_regs
a0213c60 T do_sc_eth_test
a0213c9c T do_sc_phy
a0213cd8 T do_sc_ramtest
a0213d14 T do_sc_gpio
a0213d50 T do_sc_led
a0213d8c T do_sc_btver
a0213dc8 T do_sc_flmap
a0213e04 T do_sc_tftp_rec
a0213e44 T do_sc_nmrp
a0213e84 T do_sc_lp
a0213ec0 T do_sc_dl
a0213efc t sc_get_index_by_gpio_id
a0213f68 T sc_led_ctrl
a0214034 T sc_led_ctrl_all
a02140b4 T sc_btn_is_pushed
a0214178 T sc_gpio_get_func
a02141c4 T sc_gpio_get_name
a021420c T sc_gpio_init
a02142c4 T sc_gpio_map
a021439c T sc_gpio_reg_dump
a02144cc T sc_gpio_dir_set
a0214598 T sc_gpio_dat_set
a0214688 T sc_gpio_dat_get
a021473c T sc_gpio_pin_mux
a0214754 T crc32
a0214964 T display_options
a02149a0 T print_size
a0214a84 T strchr
a0214ab0 T strlen
a0214ac8 T strrchr
a0214b30 T strnlen
a0214b5c T memset
a0214b84 T memcpy
a0214bb4 T memmove
a0214c28 T memcmp
a0214c5c t number
a0214ed0 T simple_strtoul
a0214f98 T simple_strtol
a0214fe4 T vsprintf
a02154c0 T sprintf
a0215500 T RangeDecoderReadByte
a0215530 T RangeDecoderInit
a02155c0 T RangeDecoderDecodeDirectBits
a0215688 T RangeDecoderBitDecode
a0215768 T RangeDecoderBitTreeDecode
a0215800 T RangeDecoderReverseBitTreeDecode
a02158a8 T LzmaLiteralDecode
a0215924 T LzmaLiteralDecodeMatch
a0215a08 T LzmaLenDecode
a0215af4 T LzmaDecode
a0215fb8 T lzmaBuffToBuffDecompress
a02161b8 T get_ram_size
a02162e0 T initdram
a0216300 T checkboard
a0216338 T serial_setbrg
a0216384 T serial_init
a02163b8 T serial_putc
a0216400 T serial_tstc
a0216410 T serial_getc
a0216434 T serial_puts
a0216488 T do_reset
a021649c T flush_cache
a02164a4 t __fswab32
a02164cc t linux_env_set
a02165f0 T do_bootm_linux
a0216cd4 T __ashrdi3
a0216d14 T __lshrdi3
a0216d54 A _rodata_start
a0216d54 A _text_end
a0216d7c R version_string
a0216dd0 R oob_signature
a0216dd8 r gen_FlashTable
a0217040 r __FUNCTION__.2775
a0217058 r __FUNCTION__.2795
a0217070 r __FUNCTION__.2720
a0217088 r __FUNCTION__.3030
a02170a0 r __FUNCTION__.3061
a02170b8 r __FUNCTION__.3125
a02170d0 r CSWTCH.139
a02170d8 r __func__.3303
a02170e4 r __func__.3327
a02170f4 r __func__.3343
a0217108 r __func__.3392
a02171d8 r CSWTCH.22
a02171f0 r baudrate_table
a0217204 r sc_ralink
a0217234 r p.1854
a0217244 A _rodata_end
a021bb80 A _data_start
a021bb80 D NetBcastAddr
a021bb88 d erase_seq
a021bb8c d tab_seq
a021bb98 D nand_oob_128
a021bce0 D nand_oob_64
a021be28 D g_bHwEcc
a021be2c D mt7621_nand_hw
a021be4c d nand_oob_16
a021bf94 D load_addr
a021bf98 D dp_last_length
a021bf9c d sbrk_base
a021bfa0 d trim_threshold
a021bfa4 d mmap_threshold
a021bfa8 D default_environment_size
a021bfac D default_environment
a021c01c D gpio_data
a021c118 d crc_table_empty
a021c11c D _ctype
a021c21c A _data_end
a021c21c D nand_manuf_ids
a021c25c D nand_flash_ids
a021c814 D stdio_names
a021c820 d av_
a021cc28 D env_get_char
a021cc2c D env_name_spec
a021cc30 A _gp
a021cc30 A _sdata_end
a021cc30 A _sdata_start
a021cc30 D _GLOBAL_OFFSET_TABLE_
a021cc30 D __got_start
a021d0f4 A __u_boot_cmd_start
a021d0f4 D __got_end
a021d0f4 D __u_boot_cmd_mdio
a021d10c D __u_boot_cmd_nand
a021d124 D __u_boot_cmd_reset
a021d13c D __u_boot_cmd_go
a021d154 D __u_boot_cmd_bootm
a021d16c D __u_boot_cmd_loadb
a021d184 D __u_boot_cmd_tftpboot
a021d19c D __u_boot_cmd_nm
a021d1b4 D __u_boot_cmd_mm
a021d1cc D __u_boot_cmd_md
a021d1e4 D __u_boot_cmd_saveenv
a021d1fc D __u_boot_cmd_setenv
a021d214 D __u_boot_cmd_printenv
a021d22c D __u_boot_cmd_question_mark
a021d244 D __u_boot_cmd_help
a021d25c D __u_boot_cmd_sc_mem_usage_info
a021d274 D __u_boot_cmd_version
a021d28c D __u_boot_cmd_sc_timer
a021d2a4 D __u_boot_cmd_sc_nand
a021d2bc D __u_boot_cmd_sc_cpureg
a021d2d4 D __u_boot_cmd_sc_eth_test
a021d2ec D __u_boot_cmd_sc_phy
a021d304 D __u_boot_cmd_sc_ramtest
a021d31c D __u_boot_cmd_sc_gpio
a021d334 D __u_boot_cmd_sc_led
a021d34c D __u_boot_cmd_sc_btver
a021d364 D __u_boot_cmd_sc_fl_map
a021d37c D __u_boot_cmd_sc_tftp_rec
a021d394 D __u_boot_cmd_sc_nmrp
a021d3ac D __u_boot_cmd_sc_lp
a021d3c4 D __u_boot_cmd_sc_dl
a021d3dc A __u_boot_cmd_end
a021d3dc A uboot_end_data
a021d3e0 B modifies
a021d3e4 b mem_malloc_brk
a021d3e8 b mem_malloc_start
a021d3ec b mem_malloc_end
a021d3f0 b auto_load
a021d3f4 b file_name_space
a021d474 B NetTxPacket
a021d478 B NetEtherNullAddr
a021d480 B NetServerEther
a021d486 B NetBootFileSize
a021d488 B NetOurRootPath
a021d4c8 B NetOurHostName
a021d4e8 B NetOurNISDomain
a021d508 B NetOurDNSIP
a021d50c B NetOurGatewayIP
a021d510 B NetOurSubnetMask
a021d514 b timeHandler
a021d518 b timeStart
a021d51c b timeDelta
a021d520 b packetHandler
a021d524 b TftpState
a021d528 b tftp_filename
a021d52c b TftpBlock
a021d530 b TftpServerPort
a021d534 b TftpOurPort
a021d538 b default_filename
a021d548 b TftpTimeoutCount
a021d54c b TftpBlockWrap
a021d550 b TftpBlockWrapOffset
a021d554 b TftpLastBlock
a021d558 b eth_current
a021d55c b eth_devices
a021d560 b first_failed.2134
a021d580 b PKT_HEADER_Buf_Pool
a0233dc0 b rt2880_eth_initd
a0233de0 b rx_ring_cache
a0233f60 b rx_ring
a0233f80 b tx_ring0_cache
a0234100 b tx_ring0
a0234104 b rt2880_free_buf
a02343d4 b rx_dma_owner_idx0
a02343d8 b tx_cpu_owner_idx0
a02343dc b rxRingSize
a02343dd b txRingSize
a02343e0 b rx_wants_alloc_idx0
a02343e4 b rx_buf
a0235d00 b local_buffer_16_align
a0235d04 b fdm_buf
a0235d44 b local_oob_buf
a0235f84 b ignore_bad
a0235f88 b bbt_size
a0235f8c b fact_bbt
a0236f8c b local_buffer
a023818c b chip_buffers
a023a84c b g_page_size
a023a850 b g_kCMD
a023a980 b g_bcmdstatus
a023a984 b lastcommand.1889
a023aa84 b bin_start_address
a023aa88 b os_data_state
a023aa8c b os_data_addr
a023aa90 b a_b
a023aaa8 b k_data_escape
a023aaac b k_data_escape_saved
a023aab0 b os_data_state_saved
a023aab4 b os_data_count_saved
a023aab8 b os_data_addr_saved
a023aabc b base_address
a023aac0 b ctrlc_disabled
a023aac4 b ctrlc_was_pressed
a023aac8 B stdio_devices
a023aad4 B devlist
a023aad8 b top_pad
a023aadc b current_mallinfo
a023ab04 b max_sbrked_mem
a023ab08 b max_total_mem
a023ab0c b n_mmaps_max
a023ab10 b flash_addr
a023ab14 b crc_table
a023af14 b linux_argv
a023af18 b linux_argc
a023af1c b linux_env
a023af20 b linux_env_idx
a023af24 b linux_env_p
a023af28 B gd_data
a023af4c B load_addr_str
a023af58 B Pkt_Buf_Pool
a0252398 B NetRxPackets
a0252488 B BootFile
a0252508 B NetArpWaitPacketBuf
a0252b48 B console_buffer
a0252c48 B devinfo
a0252c74 B gacBuf
a0253d98 B mtk_nand_host
a0254088 B console_history
a0254a88 B header
a0254ac8 B os_data_header
a0254ae8 B send_parms
a0254afc A uboot_end
a0254afc C monitor_flash_len
a0254b00 C u_boot_reloc_offset
a0254b04 C mips_bus_feq
a0254b08 C mips_cpu_feq
a0254b0c C NetArpWaitTry
a0254b10 C NetArpWaitPacketMAC
a0254b14 C NetOurEther
a0254b1c C NetOurIP
a0254b20 C NetServerIP
a0254b24 C NetArpWaitTxPacketSize
a0254b28 C NetArpWaitReplyIP
a0254b2c C NetArpWaitTxPacket
a0254b30 C NetArpWaitPacketIP
a0254b34 C NetState
a0254b38 C NetIPID
a0254b3c C NetRxPkt
a0254b40 C NetRxPktLen
a0254b44 C NetBootFileXferSize
a0254b48 C PktBuf
a0254b4c C NetArpWaitTimerStart
a0254b50 C TftpStarted
a0254b54 C rt2880_free_buf_list
a0254b5c C PKT_HEADER_Buf
a0254b60 C rt2880_pdev
a0254b64 C rt2880_busing_buf_list
a0254b6c C sc_rx_buf
a0254b70 C host
a0254b74 C manu_id
a0254b78 C g_bInitDone
a0254b7c C CFG_BLOCKSIZE
a0254b80 C dev_id
a0254b84 C his_pad_char
a0254b88 C os_data_count
a0254b8c C os_data_init
a0254b90 C send_ptr
a0254b94 C os_data_char
a0254b98 C his_eol
a0254b99 C his_quote
a0254b9c C his_pad_count
a0254ba0 C dp_last_size
a0254ba4 C dp_last_addr
a0254ba8 C mm_last_size
a0254bac C mm_last_addr
a0254bb0 C env_ptr
a0254bb4 C ___strtok
